Microchip MPLAB XC8 Compiler V2.32

Linker command line:

-W-3 --edf=C:\Program Files\Microchip\xc8\v2.32\pic\dat\en_msgs.txt -cn \
  -h+dist/default/production\PJFinal.X.production.sym \
  --cmf=dist/default/production\PJFinal.X.production.cmf -z -Q18F4520 \
  -oC:\Users\davii\AppData\Local\Temp\xcAsl68.4 --defsym=__MPLAB_BUILD=1 \
  -Mdist/default/production/PJFinal.X.production.map -E1 -ver=XC8 Compiler \
  --acfsm=1493 -ASTACK=080h-05FFh -pstack=STACK -ACODE=00h-07FFFh \
  -ACONST=00h-07FFFh -ASMALLCONST=0600h-06FFhx122 \
  -AMEDIUMCONST=0600h-07FFFh -ACOMRAM=01h-07Fh -AABS1=00h-05FFh \
  -ABIGRAM=01h-05FFh -ARAM=080h-0FFh,0100h-01FFhx5 -ABANK0=080h-0FFh \
  -ABANK1=0100h-01FFh -ABANK2=0200h-02FFh -ABANK3=0300h-03FFh \
  -ABANK4=0400h-04FFh -ABANK5=0500h-05FFh -ASFR=0F80h-0FFFh \
  -ACONFIG=0300000h-030000Dh -AIDLOC=0200000h-0200007h \
  -AEEDATA=0F00000h-0F000FFh -peeprom_data=EEDATA \
  -preset_vec=00h,intcode,intcodelo,powerup,init -pramtop=0600h \
  -psmallconst=SMALLCONST -pmediumconst=MEDIUMCONST -pconst=CONST \
  -AFARRAM=00h-00h \
  -prdata=COMRAM,nvrram=COMRAM,nvbit=COMRAM,rbss=COMRAM,rbit=COMRAM \
  -pfarbss=FARRAM,fardata=FARRAM,nvFARRAM=FARRAM \
  -pintsave_regs=BIGRAM,bigbss=BIGRAM,bigdata=BIGRAM -pbss=RAM \
  -pidata=CODE,irdata=CODE,ibigdata=CODE,ifardata=CODE -prparam=COMRAM \
  C:\Users\davii\AppData\Local\Temp\xcAsl68.o \
  dist/default/production\PJFinal.X.production.o 

Object code version is 3.11

Machine type is 18F4520



                Name                               Link     Load   Length Selector   Space Scale
C:\Users\davii\AppData\Local\Temp\xcAsl68.o
                idloc                            200000   200000        8        0       5
                config                           300000   300000        E        0       4
                init                                  0        0        4        0       0
dist/default/production\PJFinal.X.production.o
                idloc                            200000   200000        8        0       5
                config                           300000   300000        E        0       4
                smallconst                          600      600       1C      300       0
                text33                             1868     1868       A4      30E       0
                text32                             190C     190C       88      30E       0
                text31                              F9E      F9E      24E      30E       0
                text30                             1BCA     1BCA       48      30E       0
                text29                             1358     1358      16A      30E       0
                text28                              D50      D50      24E      30E       0
                text27                             1D58     1D58       2A      30E       0
                text26                             1D2E     1D2E       2A      30E       0
                text25                             1B7C     1B7C       4E      30E       0
                text24                             14C2     14C2      136      30E       0
                text23                             1C54     1C54       3E      30E       0
                text22                             1CCC     1CCC       32      30E       0
                text21                             1E60     1E60        A      30E       0
                text20                             1E72     1E72        2      30E       0
                text19                             1C12     1C12       42      30E       0
                text18                             1A74     1A74       5A      30E       0
                text17                             1E12     1E12       1E      30E       0
                text16                             1CFE     1CFE       30      30E       0
                text15                             1DF4     1DF4       1E      30E       0
                text14                             1DCE     1DCE       26      30E       0
                text13                             1704     1704       B4      30E       0
                text12                             1C92     1C92       3A      30E       0
                text11                             15F8     15F8      10C      30E       0
                text10                             1DA8     1DA8       26      30E       0
                text9                              1E30     1E30       1A      30E       0
                text8                              1994     1994       74      30E       0
                text7                              1D82     1D82       26      30E       0
                text6                              1A08     1A08       6C      30E       0
                text5                              17B8     17B8       B0      30E       0
                text4                              1ACE     1ACE       58      30E       0
                text3                              1B26     1B26       56      30E       0
                text2                              11EC     11EC      16C      30E       0
                text1                              1E6A     1E6A        8      30E       0
                text0                               61C      61C      734      30E       0
                cstackCOMRAM                          1        1       37        1       1
                bssCOMRAM                            38       38        D        1       1
                cinit                              1E4A     1E4A       16      30E       0

TOTAL           Name                               Link     Load   Length     Space
        CLASS   STACK          

        CLASS   CODE           
                init                                  0        0        4         0
                text33                             1868     1868       A4         0
                text32                             190C     190C       88         0
                text31                              F9E      F9E      24E         0
                text30                             1BCA     1BCA       48         0
                text29                             1358     1358      16A         0
                text28                              D50      D50      24E         0
                text27                             1D58     1D58       2A         0
                text26                             1D2E     1D2E       2A         0
                text25                             1B7C     1B7C       4E         0
                text24                             14C2     14C2      136         0
                text23                             1C54     1C54       3E         0
                text22                             1CCC     1CCC       32         0
                text21                             1E60     1E60        A         0
                text20                             1E72     1E72        2         0
                text19                             1C12     1C12       42         0
                text18                             1A74     1A74       5A         0
                text17                             1E12     1E12       1E         0
                text16                             1CFE     1CFE       30         0
                text15                             1DF4     1DF4       1E         0
                text14                             1DCE     1DCE       26         0
                text13                             1704     1704       B4         0
                text12                             1C92     1C92       3A         0
                text11                             15F8     15F8      10C         0
                text10                             1DA8     1DA8       26         0
                text9                              1E30     1E30       1A         0
                text8                              1994     1994       74         0
                text7                              1D82     1D82       26         0
                text6                              1A08     1A08       6C         0
                text5                              17B8     17B8       B0         0
                text4                              1ACE     1ACE       58         0
                text3                              1B26     1B26       56         0
                text2                              11EC     11EC      16C         0
                text1                              1E6A     1E6A        8         0
                text0                               61C      61C      734         0
                cinit                              1E4A     1E4A       16         0

        CLASS   CONST          

        CLASS   SMALLCONST     
                smallconst                          600      600       1C         0

        CLASS   MEDIUMCONST    

        CLASS   COMRAM         
                cstackCOMRAM                          1        1       37         1
                bssCOMRAM                            38       38        D         1

        CLASS   ABS1           

        CLASS   BIGRAM         

        CLASS   RAM            

        CLASS   BANK0          

        CLASS   BANK1          

        CLASS   BANK2          

        CLASS   BANK3          

        CLASS   BANK4          

        CLASS   BANK5          

        CLASS   SFR            

        CLASS   CONFIG         
                config                           300000   300000        E         4

        CLASS   IDLOC          
                idloc                            200000   200000        8         5

        CLASS   EEDATA         

        CLASS   FARRAM         



SEGMENTS        Name                           Load    Length   Top    Selector   Space  Class

                reset_vec                      000000  000004  000004         0       0  CODE    
                cstackCOMRAM                   000001  000044  000045         1       1  COMRAM  
                smallconst                     000600  00001C  00061C       300       0  SMALLCON
                text0                          00061C  001858  001E74       30E       0  CODE    


UNUSED ADDRESS RANGES

        Name                Unused          Largest block    Delta
        BANK0            000080-0000FF               80
        BANK1            000100-0001FF              100
        BANK2            000200-0002FF              100
        BANK3            000300-0003FF              100
        BANK4            000400-0004FF              100
        BANK5            000500-0005FF              100
        BIGRAM           000045-0005FF              5BB
        CODE             000004-0005FF              5FC
                         001E74-007FFF             618C
        COMRAM           000045-00007F               3B
        CONST            000004-0005FF              5FC
                         001E74-007FFF             618C
        EEDATA           F00000-F000FF              100
        MEDIUMCONST      001E74-007FFF             618C
        RAM              000080-0005FF              100
        SFR              000F80-000FFF               80
        SMALLCONST       001E74-007FFF              100
        STACK            000080-0005FF              580

                                  Symbol Table

?___aldiv                cstackCOMRAM 000001
?___lldiv                cstackCOMRAM 000001
?___llmod                cstackCOMRAM 00000E
?___lwdiv                cstackCOMRAM 000001
?___wmul                 cstackCOMRAM 000001
?_digitalRead            cstackCOMRAM 000001
?_kpRead                 cstackCOMRAM 000001
_ADCON0                  (abs)        000FC2
_ADCON1                  (abs)        000FC1
_ADCON2                  (abs)        000FC0
_ADRESH                  (abs)        000FC4
_ADRESL                  (abs)        000FC3
_BAUDCON                 (abs)        000FB8
_CCP2CON                 (abs)        000FBA
_CCPR2L                  (abs)        000FBB
_INTCON                  (abs)        000FF2
_PIR1                    (abs)        000F9E
_PORTA                   (abs)        000F80
_PORTB                   (abs)        000F81
_PORTC                   (abs)        000F82
_PORTD                   (abs)        000F83
_PORTE                   (abs)        000F84
_PR2                     (abs)        000FCB
_PulseClockData          text27       001D58
_PulseEnClock            text26       001D2E
_RCREG                   (abs)        000FAE
_RCSTA                   (abs)        000FAB
_SPBRG                   (abs)        000FAF
_SPBRGH                  (abs)        000FB0
_T0CON                   (abs)        000FD5
_T2CON                   (abs)        000FCA
_TMR0H                   (abs)        000FD7
_TMR0L                   (abs)        000FD6
_TRISA                   (abs)        000F92
_TRISB                   (abs)        000F93
_TRISC                   (abs)        000F94
_TRISD                   (abs)        000F95
_TRISE                   (abs)        000F96
_TXREG                   (abs)        000FAD
_TXSTA                   (abs)        000FAC
__HRAM                   (abs)        000000
__Habs1                  abs1         000000
__Hbank0                 bank0        000000
__Hbank1                 bank1        000000
__Hbank2                 bank2        000000
__Hbank3                 bank3        000000
__Hbank4                 bank4        000000
__Hbank5                 bank5        000000
__Hbigbss                bigbss       000000
__Hbigdata               bigdata      000000
__Hbigram                bigram       000000
__Hbss                   bss          000000
__HbssCOMRAM             bssCOMRAM    000000
__Hcinit                 cinit        000000
__Hclrtext               clrtext      000000
__Hcomram                comram       000000
__Hconfig                config       30000E
__Hconst                 const        000000
__HcstackCOMRAM          cstackCOMRAM 000000
__Hdata                  data         000000
__Heeprom_data           eeprom_data  000000
__Hfarbss                farbss       000000
__Hfardata               fardata      000000
__Hibigdata              ibigdata     000000
__Hidata                 idata        000000
__Hidloc                 idloc        200008
__Hifardata              ifardata     000000
__Hinit                  init         000004
__Hintcode               intcode      000000
__Hintcode_body          intcode_body 000000
__Hintcodelo             intcodelo    000000
__Hintentry              intentry     000000
__Hintret                intret       000000
__Hintsave_regs          intsave_regs 000000
__Hirdata                irdata       000000
__Hmediumconst           mediumconst  000000
__HnvFARRAM              nvFARRAM     000000
__Hnvbit                 nvbit        000000
__Hnvrram                nvrram       000000
__Hparam                 rparam       000000
__Hpowerup               powerup      000000
__Hram                   ram          000000
__Hramtop                ramtop       000600
__Hrbit                  rbit         000000
__Hrbss                  rbss         000000
__Hrdata                 rdata        000000
__Hreset_vec             reset_vec    000000
__Hrparam                rparam       000000
__Hsfr                   sfr          000000
__Hsmallconst            smallconst   00061C
__Hspace_0               (abs)        001E74
__Hspace_1               (abs)        000045
__Hspace_2               (abs)        000000
__Hspace_4               (abs)        60000E
__Hstack                 stack        000000
__Hstruct                struct       000000
__Htemp                  temp         000000
__Htext                  text         000000
__Htext0                 text0        000000
__Htext1                 text1        000000
__Htext10                text10       000000
__Htext11                text11       000000
__Htext12                text12       000000
__Htext13                text13       000000
__Htext14                text14       000000
__Htext15                text15       000000
__Htext16                text16       000000
__Htext17                text17       000000
__Htext18                text18       000000
__Htext19                text19       000000
__Htext2                 text2        000000
__Htext20                text20       000000
__Htext21                text21       000000
__Htext22                text22       000000
__Htext23                text23       000000
__Htext24                text24       000000
__Htext25                text25       000000
__Htext26                text26       000000
__Htext27                text27       000000
__Htext28                text28       000000
__Htext29                text29       000000
__Htext3                 text3        000000
__Htext30                text30       000000
__Htext31                text31       000000
__Htext32                text32       000000
__Htext33                text33       000000
__Htext4                 text4        000000
__Htext5                 text5        000000
__Htext6                 text6        000000
__Htext7                 text7        000000
__Htext8                 text8        000000
__Htext9                 text9        000000
__LRAM                   (abs)        000001
__Labs1                  abs1         000000
__Lbank0                 bank0        000000
__Lbank1                 bank1        000000
__Lbank2                 bank2        000000
__Lbank3                 bank3        000000
__Lbank4                 bank4        000000
__Lbank5                 bank5        000000
__Lbigbss                bigbss       000000
__Lbigdata               bigdata      000000
__Lbigram                bigram       000000
__Lbss                   bss          000000
__LbssCOMRAM             bssCOMRAM    000000
__Lcinit                 cinit        000000
__Lclrtext               clrtext      000000
__Lcomram                comram       000000
__Lconfig                config       000000
__Lconst                 const        000000
__LcstackCOMRAM          cstackCOMRAM 000000
__Ldata                  data         000000
__Leeprom_data           eeprom_data  000000
__Lfarbss                farbss       000000
__Lfardata               fardata      000000
__Libigdata              ibigdata     000000
__Lidata                 idata        000000
__Lidloc                 idloc        000000
__Lifardata              ifardata     000000
__Linit                  init         000000
__Lintcode               intcode      000000
__Lintcode_body          intcode_body 000000
__Lintcodelo             intcodelo    000000
__Lintentry              intentry     000000
__Lintret                intret       000000
__Lintsave_regs          intsave_regs 000000
__Lirdata                irdata       000000
__Lmediumconst           mediumconst  000000
__LnvFARRAM              nvFARRAM     000000
__Lnvbit                 nvbit        000000
__Lnvrram                nvrram       000000
__Lparam                 rparam       000000
__Lpowerup               powerup      000000
__Lram                   ram          000000
__Lramtop                ramtop       000600
__Lrbit                  rbit         000000
__Lrbss                  rbss         000000
__Lrdata                 rdata        000000
__Lreset_vec             reset_vec    000000
__Lrparam                rparam       000000
__Lsfr                   sfr          000000
__Lsmallconst            smallconst   000600
__Lspace_0               (abs)        000000
__Lspace_1               (abs)        000000
__Lspace_2               (abs)        000000
__Lspace_4               (abs)        000000
__Lstack                 stack        000000
__Lstruct                struct       000000
__Ltemp                  temp         000000
__Ltext                  text         000000
__Ltext0                 text0        000000
__Ltext1                 text1        000000
__Ltext10                text10       000000
__Ltext11                text11       000000
__Ltext12                text12       000000
__Ltext13                text13       000000
__Ltext14                text14       000000
__Ltext15                text15       000000
__Ltext16                text16       000000
__Ltext17                text17       000000
__Ltext18                text18       000000
__Ltext19                text19       000000
__Ltext2                 text2        000000
__Ltext20                text20       000000
__Ltext21                text21       000000
__Ltext22                text22       000000
__Ltext23                text23       000000
__Ltext24                text24       000000
__Ltext25                text25       000000
__Ltext26                text26       000000
__Ltext27                text27       000000
__Ltext28                text28       000000
__Ltext29                text29       000000
__Ltext3                 text3        000000
__Ltext30                text30       000000
__Ltext31                text31       000000
__Ltext32                text32       000000
__Ltext33                text33       000000
__Ltext4                 text4        000000
__Ltext5                 text5        000000
__Ltext6                 text6        000000
__Ltext7                 text7        000000
__Ltext8                 text8        000000
__Ltext9                 text9        000000
__S0                     (abs)        001E74
__S1                     (abs)        000045
__S2                     (abs)        000000
__S4                     (abs)        000000
__S5                     (abs)        000000
___aldiv                 text11       0015F8
___aldiv@counter         cstackCOMRAM 000009
___aldiv@dividend        cstackCOMRAM 000001
___aldiv@divisor         cstackCOMRAM 000005
___aldiv@quotient        cstackCOMRAM 00000B
___aldiv@sign            cstackCOMRAM 00000A
___inthi_sp              stack        000000
___intlo_sp              stack        000000
___lldiv                 text33       001868
___lldiv@counter         cstackCOMRAM 00000D
___lldiv@dividend        cstackCOMRAM 000001
___lldiv@divisor         cstackCOMRAM 000005
___lldiv@quotient        cstackCOMRAM 000009
___llmod                 text32       00190C
___llmod@counter         cstackCOMRAM 000016
___llmod@dividend        cstackCOMRAM 00000E
___llmod@divisor         cstackCOMRAM 000012
___lwdiv                 text8        001994
___lwdiv@counter         cstackCOMRAM 000007
___lwdiv@dividend        cstackCOMRAM 000001
___lwdiv@divisor         cstackCOMRAM 000003
___lwdiv@quotient        cstackCOMRAM 000005
___param_bank            (abs)        000000
___rparam_used           (abs)        000001
___sp                    stack        000000
___wmul                  text7        001D82
___wmul@multiplicand     cstackCOMRAM 000003
___wmul@multiplier       cstackCOMRAM 000001
___wmul@product          cstackCOMRAM 000005
__accesstop              (abs)        000080
__activetblptr           (abs)        000002
__end_of_PulseClockData  text27       001D82
__end_of_PulseEnClock    text26       001D58
__end_of___aldiv         text11       001704
__end_of___lldiv         text33       00190C
__end_of___llmod         text32       001994
__end_of___lwdiv         text8        001A08
__end_of___wmul          text7        001DA8
__end_of__initialization cinit        001E56
__end_of_adcInit         text30       001C12
__end_of_charKey         smallconst   00061B
__end_of_delayMicro      text20       001E74
__end_of_delayMili       text16       001D2E
__end_of_digitalRead     text29       0014C2
__end_of_digitalWrite    text28       000F9E
__end_of_kpDebounce      text24       0015F8
__end_of_kpInit          text22       001CFE
__end_of_kpRead          text21       001E6A
__end_of_lcdChar         text17       001E30
__end_of_lcdCommand      text15       001E12
__end_of_lcdInit         text13       0017B8
__end_of_lcdPosition     text12       001CCC
__end_of_main            text0        000D50
__end_of_pinMode         text31       0011EC
__end_of_pulseEnablePin  text19       001C54
__end_of_pushByte        text18       001ACE
__end_of_pushNibble      text14       001DF4
__end_of_pwmFrequency    text10       001DCE
__end_of_pwmInit         text9        001E4A
__end_of_pwmSet          text6        001A74
__end_of_rgbColor        text5        001868
__end_of_soInit          text23       001C92
__end_of_soWrite         text25       001BCA
__end_of_ssdDigit        text4        001B26
__end_of_ssdInit         text3        001B7C
__end_of_ssdUpdate       text2        001358
__end_of_timerInit       text1        001E72
__end_of_valor           smallconst   000611
__initialization         cinit        001E4A
__mediumconst            mediumconst  000000
__pbssCOMRAM             bssCOMRAM    000038
__pcinit                 cinit        001E4A
__pcstackCOMRAM          cstackCOMRAM 000001
__psmallconst            smallconst   000600
__ptext0                 text0        00061C
__ptext1                 text1        001E6A
__ptext10                text10       001DA8
__ptext11                text11       0015F8
__ptext12                text12       001C92
__ptext13                text13       001704
__ptext14                text14       001DCE
__ptext15                text15       001DF4
__ptext16                text16       001CFE
__ptext17                text17       001E12
__ptext18                text18       001A74
__ptext19                text19       001C12
__ptext2                 text2        0011EC
__ptext20                text20       001E72
__ptext21                text21       001E60
__ptext22                text22       001CCC
__ptext23                text23       001C54
__ptext24                text24       0014C2
__ptext25                text25       001B7C
__ptext26                text26       001D2E
__ptext27                text27       001D58
__ptext28                text28       000D50
__ptext29                text29       001358
__ptext3                 text3        001B26
__ptext30                text30       001BCA
__ptext31                text31       000F9E
__ptext32                text32       00190C
__ptext33                text33       001868
__ptext4                 text4        001ACE
__ptext5                 text5        0017B8
__ptext6                 text6        001A08
__ptext7                 text7        001D82
__ptext8                 text8        001994
__ptext9                 text9        001E30
__ramtop                 ramtop       000600
__size_of_PulseClockData (abs)        000000
__size_of_PulseEnClock   (abs)        000000
__size_of___aldiv        (abs)        000000
__size_of___lldiv        (abs)        000000
__size_of___llmod        (abs)        000000
__size_of___lwdiv        (abs)        000000
__size_of___wmul         (abs)        000000
__size_of_adcInit        (abs)        000000
__size_of_delayMicro     (abs)        000000
__size_of_delayMili      (abs)        000000
__size_of_digitalRead    (abs)        000000
__size_of_digitalWrite   (abs)        000000
__size_of_kpDebounce     (abs)        000000
__size_of_kpInit         (abs)        000000
__size_of_kpRead         (abs)        000000
__size_of_lcdChar        (abs)        000000
__size_of_lcdCommand     (abs)        000000
__size_of_lcdInit        (abs)        000000
__size_of_lcdPosition    (abs)        000000
__size_of_main           (abs)        000000
__size_of_pinMode        (abs)        000000
__size_of_pulseEnablePin (abs)        000000
__size_of_pushByte       (abs)        000000
__size_of_pushNibble     (abs)        000000
__size_of_pwmFrequency   (abs)        000000
__size_of_pwmInit        (abs)        000000
__size_of_pwmSet         (abs)        000000
__size_of_rgbColor       (abs)        000000
__size_of_soInit         (abs)        000000
__size_of_soWrite        (abs)        000000
__size_of_ssdDigit       (abs)        000000
__size_of_ssdInit        (abs)        000000
__size_of_ssdUpdate      (abs)        000000
__size_of_timerInit      (abs)        000000
__smallconst             smallconst   000600
_adcInit                 text30       001BCA
_delayMicro              text20       001E72
_delayMili               text16       001CFE
_digitalRead             text29       001358
_digitalWrite            text28       000D50
_display                 bssCOMRAM    000042
_keys                    bssCOMRAM    00003C
_kpDebounce              text24       0014C2
_kpInit                  text22       001CCC
_kpRead                  text21       001E60
_lcdChar                 text17       001E12
_lcdCommand              text15       001DF4
_lcdInit                 text13       001704
_lcdPosition             text12       001C92
_main                    text0        00061C
_main$1350               cstackCOMRAM 00001D
_main$1351               cstackCOMRAM 000021
_pinMode                 text31       000F9E
_pulseEnablePin          text19       001C12
_pushByte                text18       001A74
_pushNibble              text14       001DCE
_pwmFrequency            text10       001DA8
_pwmInit                 text9        001E30
_pwmSet                  text6        001A08
_rgbColor                text5        0017B8
_soInit                  text23       001C54
_soWrite                 text25       001B7C
_ssdDigit                text4        001ACE
_ssdInit                 text3        001B26
_ssdUpdate               text2        0011EC
_started                 bssCOMRAM    000044
_timerInit               text1        001E6A
_v0                      bssCOMRAM    000041
_v1                      bssCOMRAM    000040
_v2                      bssCOMRAM    00003F
_v3                      bssCOMRAM    00003E
_valor                   smallconst   000601
delayMicro@a             cstackCOMRAM 000001
delayMili@a              cstackCOMRAM 000001
delayMili@i              cstackCOMRAM 000004
digitalRead@pin          cstackCOMRAM 000001
digitalWrite@pin         cstackCOMRAM 000001
digitalWrite@value       cstackCOMRAM 000003
end_of_initialization    cinit        001E56
intlevel0                text         000000
intlevel1                text         000000
intlevel2                text         000000
intlevel3                text         000000
isa$std                  (abs)        000001
isa$xinst                (abs)        000000
kpDebounce@i             cstackCOMRAM 00000D
kpDebounce@newRead       bssCOMRAM    00003A
kpDebounce@oldRead       bssCOMRAM    000038
kpDebounce@tempo         bssCOMRAM    000043
lcdChar@value            cstackCOMRAM 00000E
lcdCommand@value         cstackCOMRAM 00000E
lcdPosition@col          cstackCOMRAM 000011
lcdPosition@line         cstackCOMRAM 00000F
main@cont                cstackCOMRAM 000034
main@i                   cstackCOMRAM 00002C
main@i_615               cstackCOMRAM 000030
main@nled                cstackCOMRAM 000019
main@op                  cstackCOMRAM 000027
main@round               cstackCOMRAM 000028
main@stoped              cstackCOMRAM 000031
main@tecla               cstackCOMRAM 000032
main@win                 cstackCOMRAM 000025
pinMode@pin              cstackCOMRAM 000001
pinMode@type             cstackCOMRAM 000003
pushByte@rs              cstackCOMRAM 00000A
pushByte@value           cstackCOMRAM 00000D
pushNibble@rs            cstackCOMRAM 00000A
pushNibble@value         cstackCOMRAM 00000C
pwmFrequency@freq        cstackCOMRAM 00000F
pwmSet@porcento          cstackCOMRAM 00000A
pwmSet@val               cstackCOMRAM 00000B
rgbColor@led             cstackCOMRAM 000007
soWrite@i                cstackCOMRAM 000009
soWrite@value            cstackCOMRAM 000007
ssdDigit@pos             cstackCOMRAM 000001
ssdDigit@val             cstackCOMRAM 000002
stackhi                  (abs)        0005FF
stacklo                  (abs)        000080
start                    init         000000
start_initialization     cinit        001E4A


MODULE INFORMATION

Module		Function		Class		Link	Load	Size
ssd.c
		_ssdInit       		CODE           	1B26	0000	86
		_ssdDigit      		CODE           	1ACE	0000	88
		_ssdUpdate     		CODE           	11EC	0000	364

ssd.c estimated size: 538

C:\Program Files\Microchip\xc8\v2.32\pic\sources\c99\common\aldiv.c
		___aldiv       		CODE           	15F8	0000	268

C:\Program Files\Microchip\xc8\v2.32\pic\sources\c99\common\aldiv.c estimated size: 268

keypad.c
		_kpInit        		CODE           	1CCC	0000	50
		_kpDebounce    		CODE           	14C2	0000	310
		_kpRead        		CODE           	1E60	0000	10

keypad.c estimated size: 370

so.c
		_soInit        		CODE           	1C54	0000	62
		_soWrite       		CODE           	1B7C	0000	78
		_PulseEnClock  		CODE           	1D2E	0000	42
		_PulseClockData		CODE           	1D58	0000	42

so.c estimated size: 224

io.c
		_digitalRead   		CODE           	1358	0000	362
		_digitalWrite  		CODE           	0D50	0000	590
		_pinMode       		CODE           	0F9E	0000	590

io.c estimated size: 1542

timer.c
		_timerInit     		CODE           	1E6A	0000	8

timer.c estimated size: 8

pwm.c
		_pwmInit       		CODE           	1E30	0000	26
		_pwmFrequency  		CODE           	1DA8	0000	38
		_pwmSet        		CODE           	1A08	0000	108

pwm.c estimated size: 172

C:\Program Files\Microchip\xc8\v2.32\pic\sources\c99\common\Umul16.c
		___wmul        		CODE           	1D82	0000	38

C:\Program Files\Microchip\xc8\v2.32\pic\sources\c99\common\Umul16.c estimated size: 38

C:\Program Files\Microchip\xc8\v2.32\pic\sources\c99\common\llmod.c
		___llmod       		CODE           	190C	0000	136

C:\Program Files\Microchip\xc8\v2.32\pic\sources\c99\common\llmod.c estimated size: 136

adc.c
		_adcInit       		CODE           	1BCA	0000	72

adc.c estimated size: 72

rgb.c
		_rgbColor      		CODE           	17B8	0000	176

rgb.c estimated size: 176

shared
		_valor         		SMALLCONST     	0601	0000	16
		_charKey       		SMALLCONST     	0000	0000	0
		__initialization		CODE           	1E4A	0000	12

shared estimated size: 28

C:\Program Files\Microchip\xc8\v2.32\pic\sources\c99\common\lwdiv.c
		___lwdiv       		CODE           	1994	0000	116

C:\Program Files\Microchip\xc8\v2.32\pic\sources\c99\common\lwdiv.c estimated size: 116

lcd.c
		_lcdCommand    		CODE           	1DF4	0000	30
		_lcdChar       		CODE           	1E12	0000	30
		_pulseEnablePin		CODE           	1C12	0000	66
		_pushByte      		CODE           	1A74	0000	90
		_lcdPosition   		CODE           	1C92	0000	58
		_pushNibble    		CODE           	1DCE	0000	38
		_lcdInit       		CODE           	1704	0000	180
		_delayMili     		CODE           	1CFE	0000	48
		_delayMicro    		CODE           	1E72	0000	2

lcd.c estimated size: 542

C:\Program Files\Microchip\xc8\v2.32\pic\sources\c99\common\__lldiv.c
		___lldiv       		CODE           	1868	0000	164

C:\Program Files\Microchip\xc8\v2.32\pic\sources\c99\common\__lldiv.c estimated size: 164

main.c
		_main          		CODE           	061C	0000	1844

main.c estimated size: 1844

